graph: { title: "/home/todd/src/panoptes5.a/tinyAVR-Ada/TinyAVR-012/AVRAda_RTS/gnat/s-bitops.adb"
node: { title: "/home/todd/src/panoptes5.a/tinyAVR-Ada/TinyAVR-012/AVRAda_RTS/gnat/s-bitops.adb:system__bit_ops__raise_error" label: "Raise_Error\n/home/todd/src/panoptes5.a/tinyAVR-Ada/TinyAVR-012/AVRAda_RTS/gnat/s-bitops.adb:211:4\n2 bytes (static)\n0 dynamic objects" }
node: { title: "__gnat_last_chance_handler" label: "Last_Chance_Handler\n/home/todd/src/panoptes5.a/tinyAVR-Ada/TinyAVR-012/AVRAda_RTS/gnat/a-except.adb:52:14" shape : ellipse }
edge: { sourcename: "/home/todd/src/panoptes5.a/tinyAVR-Ada/TinyAVR-012/AVRAda_RTS/gnat/s-bitops.adb:system__bit_ops__raise_error" targetname: "__gnat_last_chance_handler" label: "/home/todd/src/panoptes5.a/tinyAVR-Ada/TinyAVR-012/AVRAda_RTS/gnat/a-except.adb:59:7" }
node: { title: "system__bit_ops__bit_and" label: "Bit_And\n/home/todd/src/panoptes5.a/tinyAVR-Ada/TinyAVR-012/AVRAda_RTS/gnat/s-bitops.adb:80:4\n6 bytes (static)\n0 dynamic objects" }
edge: { sourcename: "system__bit_ops__bit_and" targetname: "/home/todd/src/panoptes5.a/tinyAVR-Ada/TinyAVR-012/AVRAda_RTS/gnat/s-bitops.adb:system__bit_ops__raise_error" label: "/home/todd/src/panoptes5.a/tinyAVR-Ada/TinyAVR-012/AVRAda_RTS/gnat/s-bitops.adb:93:10" }
node: { title: "system__bit_ops__bit_eq" label: "Bit_Eq\n/home/todd/src/panoptes5.a/tinyAVR-Ada/TinyAVR-012/AVRAda_RTS/gnat/s-bitops.adb:105:4\n14 bytes (static)\n0 dynamic objects" }
node: { title: "memcmp" label: "builtin_memcmp\n<built-in>" shape : ellipse }
edge: { sourcename: "system__bit_ops__bit_eq" targetname: "memcmp" label: "/home/todd/src/panoptes5.a/tinyAVR-Ada/TinyAVR-012/AVRAda_RTS/gnat/s-bitops.adb:124:34" }
node: { title: "system__bit_ops__bit_not" label: "Bit_Not\n/home/todd/src/panoptes5.a/tinyAVR-Ada/TinyAVR-012/AVRAda_RTS/gnat/s-bitops.adb:143:4\n4 bytes (static)\n0 dynamic objects" }
node: { title: "system__bit_ops__bit_or" label: "Bit_Or\n/home/todd/src/panoptes5.a/tinyAVR-Ada/TinyAVR-012/AVRAda_RTS/gnat/s-bitops.adb:161:4\n6 bytes (static)\n0 dynamic objects" }
edge: { sourcename: "system__bit_ops__bit_or" targetname: "/home/todd/src/panoptes5.a/tinyAVR-Ada/TinyAVR-012/AVRAda_RTS/gnat/s-bitops.adb:system__bit_ops__raise_error" label: "/home/todd/src/panoptes5.a/tinyAVR-Ada/TinyAVR-012/AVRAda_RTS/gnat/s-bitops.adb:174:10" }
node: { title: "system__bit_ops__bit_xor" label: "Bit_Xor\n/home/todd/src/panoptes5.a/tinyAVR-Ada/TinyAVR-012/AVRAda_RTS/gnat/s-bitops.adb:186:4\n6 bytes (static)\n0 dynamic objects" }
edge: { sourcename: "system__bit_ops__bit_xor" targetname: "/home/todd/src/panoptes5.a/tinyAVR-Ada/TinyAVR-012/AVRAda_RTS/gnat/s-bitops.adb:system__bit_ops__raise_error" label: "/home/todd/src/panoptes5.a/tinyAVR-Ada/TinyAVR-012/AVRAda_RTS/gnat/s-bitops.adb:199:10" }
}
