graph: { title: "/home/todd/src/panoptes5.a/tinyAVR-Ada/TinyAVR-012/AVRAda_RTS/gnat/s-secsta.adb"
node: { title: "system__secondary_stack__memoryIP" label: "memoryIP\n<built-in>\n2 bytes (static)\n0 dynamic objects" }
node: { title: "system__secondary_stack__ss_stackIP" label: "ss_stackIP\n<built-in>\n2 bytes (static)\n0 dynamic objects" }
node: { title: "system__secondary_stack__ss_allocate" label: "Ss_Allocate\n/home/todd/src/panoptes5.a/tinyAVR-Ada/TinyAVR-012/AVRAda_RTS/gnat/s-secsta.adb:97:4\n4 bytes (static)\n0 dynamic objects" }
node: { title: "__gnat_get_secondary_stack" label: "Get_Sec_Stack\n/home/todd/src/panoptes5.a/tinyAVR-Ada/TinyAVR-012/AVRAda_RTS/gnat/s-secsta.adb:40:13" shape : ellipse }
edge: { sourcename: "system__secondary_stack__ss_allocate" targetname: "__gnat_get_secondary_stack" label: "/home/todd/src/panoptes5.a/tinyAVR-Ada/TinyAVR-012/AVRAda_RTS/gnat/s-secsta.adb:106:40" }
node: { title: "__gnat_last_chance_handler" label: "gnat_last_chance_handler\n<built-in>" shape : ellipse }
edge: { sourcename: "system__secondary_stack__ss_allocate" targetname: "__gnat_last_chance_handler" label: "/home/todd/src/panoptes5.a/tinyAVR-Ada/TinyAVR-012/AVRAda_RTS/gnat/s-secsta.adb:116:10" }
edge: { sourcename: "system__secondary_stack__ss_allocate" targetname: "__gnat_last_chance_handler" label: "/home/todd/src/panoptes5.a/tinyAVR-Ada/TinyAVR-012/AVRAda_RTS/gnat/s-secsta.adb:131:13" }
node: { title: "system__secondary_stack__ss_get_max" label: "Ss_Get_Max\n/home/todd/src/panoptes5.a/tinyAVR-Ada/TinyAVR-012/AVRAda_RTS/gnat/s-secsta.adb:152:4\n2 bytes (static)\n0 dynamic objects" }
edge: { sourcename: "system__secondary_stack__ss_get_max" targetname: "__gnat_get_secondary_stack" label: "/home/todd/src/panoptes5.a/tinyAVR-Ada/TinyAVR-012/AVRAda_RTS/gnat/s-secsta.adb:158:33" }
node: { title: "system__secondary_stack__ss_init" label: "Ss_Init\n/home/todd/src/panoptes5.a/tinyAVR-Ada/TinyAVR-012/AVRAda_RTS/gnat/s-secsta.adb:165:4\n10 bytes (static)\n0 dynamic objects" }
edge: { sourcename: "system__secondary_stack__ss_init" targetname: "__gnat_last_chance_handler" label: "/home/todd/src/panoptes5.a/tinyAVR-Ada/TinyAVR-012/AVRAda_RTS/gnat/s-secsta.adb:243:13" }
node: { title: "system__secondary_stack__ss_mark" label: "Ss_Mark\n/home/todd/src/panoptes5.a/tinyAVR-Ada/TinyAVR-012/AVRAda_RTS/gnat/s-secsta.adb:255:4\n2 bytes (static)\n0 dynamic objects" }
edge: { sourcename: "system__secondary_stack__ss_mark" targetname: "__gnat_get_secondary_stack" label: "/home/todd/src/panoptes5.a/tinyAVR-Ada/TinyAVR-012/AVRAda_RTS/gnat/s-secsta.adb:257:23" }
node: { title: "system__secondary_stack__ss_release" label: "Ss_Release\n/home/todd/src/panoptes5.a/tinyAVR-Ada/TinyAVR-012/AVRAda_RTS/gnat/s-secsta.adb:264:4\n6 bytes (static)\n0 dynamic objects" }
edge: { sourcename: "system__secondary_stack__ss_release" targetname: "__gnat_get_secondary_stack" label: "/home/todd/src/panoptes5.a/tinyAVR-Ada/TinyAVR-012/AVRAda_RTS/gnat/s-secsta.adb:266:7" }
}
